DEBUG 2025-02-28 17:12:41.523 UTC: 	 CRAB Client version: v3.241125
DEBUG 2025-02-28 17:12:41.523 UTC: 	 Running on: Linux lxplus810.cern.ch 4.18.0-553.40.1.el8_10.x86_64 #1 SMP Thu Feb 6 21:20:51 EST 2025 x86_64 x86_64 x86_64 GNU/Linux
DEBUG 2025-02-28 17:12:41.523 UTC: 	 Not using Singularity
DEBUG 2025-02-28 17:12:41.523 UTC: 	 Operating System: Red Hat Enterprise Linux 8.10 (Ootpa)
DEBUG 2025-02-28 17:12:41.524 UTC: 	 Executing command: 'submit'
DEBUG 2025-02-28 17:12:41.525 UTC: 	 Found CRAB cache file /afs/cern.ch/user/l/lgeneros/.crab3
INFO 2025-02-28 17:12:41.543 UTC: 	 Will use CRAB configuration file resultsAna_/cfg/crabConfig_VBFZto2Q_TuneCP5_13p6TeV_madgraph-pythia8_Run3_lgeneros.py
DEBUG 2025-02-28 17:12:41.543 UTC: 	 Loading CRAB configuration file.
DEBUG 2025-02-28 17:12:41.564 UTC: 	 Will use CRAB plugin ANALYSIS (i.e. will run an analysis job type).
ERROR 2025-02-28 17:12:41.565 UTC: 	 Working area '/afs/cern.ch/user/l/lgeneros/Hcc-studies-lxp8/CMSSW_13_0_13/src/Hcc/Utilities/crab/resultsAna_/crab_VBFZto2Q_TuneCP5_13p6TeV_madgraph-pythia8_Run3_lgeneros' already exists 
Please change the requestName in the config file
ERROR 2025-02-28 17:12:41.566 UTC: 	 Caught ClientException exception
Traceback (most recent call last):
  File "/cvmfs/cms.cern.ch/share/cms/crab-prod/v3.241125.00/bin/crab.py", line 157, in <module>
    client()
  File "/cvmfs/cms.cern.ch/share/cms/crab-prod/v3.241125.00/bin/crab.py", line 135, in __call__
    self.cmd = sub_cmd(self.logger, args[1:])  # the crab command to be executed
  File "/cvmfs/cms.cern.ch/share/cms/crab-prod/v3.241125.00/lib/CRABClient/Commands/submit.py", line 37, in __init__
    SubCommand.__init__(self, logger, cmdargs, disable_interspersed_args=True)
  File "/cvmfs/cms.cern.ch/share/cms/crab-prod/v3.241125.00/lib/CRABClient/Commands/SubCommand.py", line 328, in __init__
    self.requestarea, self.requestname, self.logfile = createWorkArea(
  File "/cvmfs/cms.cern.ch/share/cms/crab-prod/v3.241125.00/lib/CRABClient/ClientUtilities.py", line 392, in createWorkArea
    raise ConfigException("Working area '%s' already exists \nPlease change the requestName in the config file" % fullpath)
CRABClient.ClientExceptions.ConfigException: Working area '/afs/cern.ch/user/l/lgeneros/Hcc-studies-lxp8/CMSSW_13_0_13/src/Hcc/Utilities/crab/resultsAna_/crab_VBFZto2Q_TuneCP5_13p6TeV_madgraph-pythia8_Run3_lgeneros' already exists 
Please change the requestName in the config file
INFO 2025-02-28 17:12:41.569 UTC: 	 Log file is /afs/cern.ch/user/l/lgeneros/Hcc-studies-lxp8/CMSSW_13_0_13/src/Hcc/Utilities/crab/crab.log
DEBUG 2025-02-28 17:27:22.604 UTC: 	 CRAB Client version: v3.241125
DEBUG 2025-02-28 17:27:22.604 UTC: 	 Running on: Linux lxplus810.cern.ch 4.18.0-553.40.1.el8_10.x86_64 #1 SMP Thu Feb 6 21:20:51 EST 2025 x86_64 x86_64 x86_64 GNU/Linux
DEBUG 2025-02-28 17:27:22.604 UTC: 	 Not using Singularity
DEBUG 2025-02-28 17:27:22.604 UTC: 	 Operating System: Red Hat Enterprise Linux 8.10 (Ootpa)
DEBUG 2025-02-28 17:27:22.604 UTC: 	 Executing command: 'submit'
DEBUG 2025-02-28 17:27:22.604 UTC: 	 Found CRAB cache file /afs/cern.ch/user/l/lgeneros/.crab3
INFO 2025-02-28 17:27:22.605 UTC: 	 Will use CRAB configuration file resultsAna_/cfg/crabConfig_VBFZto2Q_TuneCP5_13p6TeV_madgraph-pythia8_Run3_lgeneros.py
DEBUG 2025-02-28 17:27:22.605 UTC: 	 Loading CRAB configuration file.
DEBUG 2025-02-28 17:27:22.608 UTC: 	 Will use CRAB plugin ANALYSIS (i.e. will run an analysis job type).
ERROR 2025-02-28 17:27:22.608 UTC: 	 Working area '/afs/cern.ch/user/l/lgeneros/Hcc-studies-lxp8/CMSSW_13_0_13/src/Hcc/Utilities/crab/resultsAna_/crab_VBFZto2Q_TuneCP5_13p6TeV_madgraph-pythia8_Run3_lgeneros' already exists 
Please change the requestName in the config file
ERROR 2025-02-28 17:27:22.608 UTC: 	 Caught ClientException exception
Traceback (most recent call last):
  File "/cvmfs/cms.cern.ch/share/cms/crab-prod/v3.241125.00/bin/crab.py", line 157, in <module>
    client()
  File "/cvmfs/cms.cern.ch/share/cms/crab-prod/v3.241125.00/bin/crab.py", line 135, in __call__
    self.cmd = sub_cmd(self.logger, args[1:])  # the crab command to be executed
  File "/cvmfs/cms.cern.ch/share/cms/crab-prod/v3.241125.00/lib/CRABClient/Commands/submit.py", line 37, in __init__
    SubCommand.__init__(self, logger, cmdargs, disable_interspersed_args=True)
  File "/cvmfs/cms.cern.ch/share/cms/crab-prod/v3.241125.00/lib/CRABClient/Commands/SubCommand.py", line 328, in __init__
    self.requestarea, self.requestname, self.logfile = createWorkArea(
  File "/cvmfs/cms.cern.ch/share/cms/crab-prod/v3.241125.00/lib/CRABClient/ClientUtilities.py", line 392, in createWorkArea
    raise ConfigException("Working area '%s' already exists \nPlease change the requestName in the config file" % fullpath)
CRABClient.ClientExceptions.ConfigException: Working area '/afs/cern.ch/user/l/lgeneros/Hcc-studies-lxp8/CMSSW_13_0_13/src/Hcc/Utilities/crab/resultsAna_/crab_VBFZto2Q_TuneCP5_13p6TeV_madgraph-pythia8_Run3_lgeneros' already exists 
Please change the requestName in the config file
INFO 2025-02-28 17:27:22.610 UTC: 	 Log file is /afs/cern.ch/user/l/lgeneros/Hcc-studies-lxp8/CMSSW_13_0_13/src/Hcc/Utilities/crab/crab.log
DEBUG 2025-02-28 18:39:07.729 UTC: 	 CRAB Client version: v3.241125
DEBUG 2025-02-28 18:39:07.729 UTC: 	 Running on: Linux lxplus804.cern.ch 4.18.0-553.40.1.el8_10.x86_64 #1 SMP Thu Feb 6 21:20:51 EST 2025 x86_64 x86_64 x86_64 GNU/Linux
DEBUG 2025-02-28 18:39:07.729 UTC: 	 Not using Singularity
DEBUG 2025-02-28 18:39:07.729 UTC: 	 Operating System: Red Hat Enterprise Linux 8.10 (Ootpa)
DEBUG 2025-02-28 18:39:07.729 UTC: 	 Executing command: 'submit'
DEBUG 2025-02-28 18:39:07.729 UTC: 	 Found CRAB cache file /afs/cern.ch/user/l/lgeneros/.crab3
INFO 2025-02-28 18:39:07.730 UTC: 	 Will use CRAB configuration file resultsAna_/cfg/crabConfig_VBFZto2Q_TuneCP5_13p6TeV_madgraph-pythia8_Run3_lgeneros.py
DEBUG 2025-02-28 18:39:07.731 UTC: 	 Loading CRAB configuration file.
DEBUG 2025-02-28 18:39:07.739 UTC: 	 Will use CRAB plugin ANALYSIS (i.e. will run an analysis job type).
ERROR 2025-02-28 18:39:07.740 UTC: 	 Working area '/afs/cern.ch/user/l/lgeneros/Hcc-studies-lxp8/CMSSW_13_0_13/src/Hcc/Utilities/crab/resultsAna_/crab_VBFZto2Q_TuneCP5_13p6TeV_madgraph-pythia8_Run3_lgeneros' already exists 
Please change the requestName in the config file
ERROR 2025-02-28 18:39:07.740 UTC: 	 Caught ClientException exception
Traceback (most recent call last):
  File "/cvmfs/cms.cern.ch/share/cms/crab-prod/v3.241125.00/bin/crab.py", line 157, in <module>
    client()
  File "/cvmfs/cms.cern.ch/share/cms/crab-prod/v3.241125.00/bin/crab.py", line 135, in __call__
    self.cmd = sub_cmd(self.logger, args[1:])  # the crab command to be executed
  File "/cvmfs/cms.cern.ch/share/cms/crab-prod/v3.241125.00/lib/CRABClient/Commands/submit.py", line 37, in __init__
    SubCommand.__init__(self, logger, cmdargs, disable_interspersed_args=True)
  File "/cvmfs/cms.cern.ch/share/cms/crab-prod/v3.241125.00/lib/CRABClient/Commands/SubCommand.py", line 328, in __init__
    self.requestarea, self.requestname, self.logfile = createWorkArea(
  File "/cvmfs/cms.cern.ch/share/cms/crab-prod/v3.241125.00/lib/CRABClient/ClientUtilities.py", line 392, in createWorkArea
    raise ConfigException("Working area '%s' already exists \nPlease change the requestName in the config file" % fullpath)
CRABClient.ClientExceptions.ConfigException: Working area '/afs/cern.ch/user/l/lgeneros/Hcc-studies-lxp8/CMSSW_13_0_13/src/Hcc/Utilities/crab/resultsAna_/crab_VBFZto2Q_TuneCP5_13p6TeV_madgraph-pythia8_Run3_lgeneros' already exists 
Please change the requestName in the config file
INFO 2025-02-28 18:39:07.764 UTC: 	 Log file is /afs/cern.ch/user/l/lgeneros/Hcc-studies-lxp8/CMSSW_13_0_13/src/Hcc/Utilities/crab/crab.log
DEBUG 2025-03-05 07:07:48.240 UTC: 	 CRAB Client version: v3.241125
DEBUG 2025-03-05 07:07:48.241 UTC: 	 Running on: Linux lxplus810.cern.ch 4.18.0-553.40.1.el8_10.x86_64 #1 SMP Thu Feb 6 21:20:51 EST 2025 x86_64 x86_64 x86_64 GNU/Linux
DEBUG 2025-03-05 07:07:48.241 UTC: 	 Not using Singularity
DEBUG 2025-03-05 07:07:48.241 UTC: 	 Operating System: Red Hat Enterprise Linux 8.10 (Ootpa)
DEBUG 2025-03-05 07:07:48.241 UTC: 	 Executing command: 'submit'
DEBUG 2025-03-05 07:07:48.241 UTC: 	 Found CRAB cache file /afs/cern.ch/user/l/lgeneros/.crab3
INFO 2025-03-05 07:07:48.241 UTC: 	 Will use CRAB configuration file resultsAna_/cfg/crabConfig_VBFZto2Q_TuneCP5_13p6TeV_madgraph-pythia8_Run3_lgeneros.py
DEBUG 2025-03-05 07:07:48.241 UTC: 	 Loading CRAB configuration file.
DEBUG 2025-03-05 07:07:48.255 UTC: 	 Will use CRAB plugin ANALYSIS (i.e. will run an analysis job type).
ERROR 2025-03-05 07:07:48.256 UTC: 	 Working area '/afs/cern.ch/user/l/lgeneros/Hcc-studies-lxp8/CMSSW_13_0_13/src/Hcc/Utilities/crab/resultsAna_/crab_VBFZto2Q_TuneCP5_13p6TeV_madgraph-pythia8_Run3_lgeneros' already exists 
Please change the requestName in the config file
ERROR 2025-03-05 07:07:48.256 UTC: 	 Caught ClientException exception
Traceback (most recent call last):
  File "/cvmfs/cms.cern.ch/share/cms/crab-prod/v3.241125.00/bin/crab.py", line 157, in <module>
    client()
  File "/cvmfs/cms.cern.ch/share/cms/crab-prod/v3.241125.00/bin/crab.py", line 135, in __call__
    self.cmd = sub_cmd(self.logger, args[1:])  # the crab command to be executed
  File "/cvmfs/cms.cern.ch/share/cms/crab-prod/v3.241125.00/lib/CRABClient/Commands/submit.py", line 37, in __init__
    SubCommand.__init__(self, logger, cmdargs, disable_interspersed_args=True)
  File "/cvmfs/cms.cern.ch/share/cms/crab-prod/v3.241125.00/lib/CRABClient/Commands/SubCommand.py", line 328, in __init__
    self.requestarea, self.requestname, self.logfile = createWorkArea(
  File "/cvmfs/cms.cern.ch/share/cms/crab-prod/v3.241125.00/lib/CRABClient/ClientUtilities.py", line 392, in createWorkArea
    raise ConfigException("Working area '%s' already exists \nPlease change the requestName in the config file" % fullpath)
CRABClient.ClientExceptions.ConfigException: Working area '/afs/cern.ch/user/l/lgeneros/Hcc-studies-lxp8/CMSSW_13_0_13/src/Hcc/Utilities/crab/resultsAna_/crab_VBFZto2Q_TuneCP5_13p6TeV_madgraph-pythia8_Run3_lgeneros' already exists 
Please change the requestName in the config file
INFO 2025-03-05 07:07:48.342 UTC: 	 Log file is /afs/cern.ch/user/l/lgeneros/Hcc-studies-lxp8/CMSSW_13_0_13/src/Hcc/Utilities/crab/crab.log
DEBUG 2025-03-05 07:10:48.406 UTC: 	 CRAB Client version: v3.241125
DEBUG 2025-03-05 07:10:48.407 UTC: 	 Running on: Linux lxplus810.cern.ch 4.18.0-553.40.1.el8_10.x86_64 #1 SMP Thu Feb 6 21:20:51 EST 2025 x86_64 x86_64 x86_64 GNU/Linux
DEBUG 2025-03-05 07:10:48.407 UTC: 	 Not using Singularity
DEBUG 2025-03-05 07:10:48.407 UTC: 	 Operating System: Red Hat Enterprise Linux 8.10 (Ootpa)
DEBUG 2025-03-05 07:10:48.407 UTC: 	 Executing command: 'submit'
DEBUG 2025-03-05 07:10:48.407 UTC: 	 Found CRAB cache file /afs/cern.ch/user/l/lgeneros/.crab3
INFO 2025-03-05 07:10:48.407 UTC: 	 Will use CRAB configuration file resultsAna_/cfg/crabConfig_VBFZto2Q_TuneCP5_13p6TeV_madgraph-pythia8_Run3_lgeneros.py
DEBUG 2025-03-05 07:10:48.407 UTC: 	 Loading CRAB configuration file.
DEBUG 2025-03-05 07:10:48.411 UTC: 	 Will use CRAB plugin ANALYSIS (i.e. will run an analysis job type).
ERROR 2025-03-05 07:10:48.411 UTC: 	 Working area '/afs/cern.ch/user/l/lgeneros/Hcc-studies-lxp8/CMSSW_13_0_13/src/Hcc/Utilities/crab/resultsAna_/crab_VBFZto2Q_TuneCP5_13p6TeV_madgraph-pythia8_Run3_lgeneros' already exists 
Please change the requestName in the config file
ERROR 2025-03-05 07:10:48.411 UTC: 	 Caught ClientException exception
Traceback (most recent call last):
  File "/cvmfs/cms.cern.ch/share/cms/crab-prod/v3.241125.00/bin/crab.py", line 157, in <module>
    client()
  File "/cvmfs/cms.cern.ch/share/cms/crab-prod/v3.241125.00/bin/crab.py", line 135, in __call__
    self.cmd = sub_cmd(self.logger, args[1:])  # the crab command to be executed
  File "/cvmfs/cms.cern.ch/share/cms/crab-prod/v3.241125.00/lib/CRABClient/Commands/submit.py", line 37, in __init__
    SubCommand.__init__(self, logger, cmdargs, disable_interspersed_args=True)
  File "/cvmfs/cms.cern.ch/share/cms/crab-prod/v3.241125.00/lib/CRABClient/Commands/SubCommand.py", line 328, in __init__
    self.requestarea, self.requestname, self.logfile = createWorkArea(
  File "/cvmfs/cms.cern.ch/share/cms/crab-prod/v3.241125.00/lib/CRABClient/ClientUtilities.py", line 392, in createWorkArea
    raise ConfigException("Working area '%s' already exists \nPlease change the requestName in the config file" % fullpath)
CRABClient.ClientExceptions.ConfigException: Working area '/afs/cern.ch/user/l/lgeneros/Hcc-studies-lxp8/CMSSW_13_0_13/src/Hcc/Utilities/crab/resultsAna_/crab_VBFZto2Q_TuneCP5_13p6TeV_madgraph-pythia8_Run3_lgeneros' already exists 
Please change the requestName in the config file
INFO 2025-03-05 07:10:48.413 UTC: 	 Log file is /afs/cern.ch/user/l/lgeneros/Hcc-studies-lxp8/CMSSW_13_0_13/src/Hcc/Utilities/crab/crab.log
DEBUG 2025-03-05 07:12:02.903 UTC: 	 CRAB Client version: v3.241125
DEBUG 2025-03-05 07:12:02.903 UTC: 	 Running on: Linux lxplus810.cern.ch 4.18.0-553.40.1.el8_10.x86_64 #1 SMP Thu Feb 6 21:20:51 EST 2025 x86_64 x86_64 x86_64 GNU/Linux
DEBUG 2025-03-05 07:12:02.904 UTC: 	 Not using Singularity
DEBUG 2025-03-05 07:12:02.904 UTC: 	 Operating System: Red Hat Enterprise Linux 8.10 (Ootpa)
DEBUG 2025-03-05 07:12:02.904 UTC: 	 Executing command: 'submit'
DEBUG 2025-03-05 07:12:02.904 UTC: 	 Found CRAB cache file /afs/cern.ch/user/l/lgeneros/.crab3
INFO 2025-03-05 07:12:02.904 UTC: 	 Will use CRAB configuration file resultsAna_/cfg/crabConfig_VBFZto2Q_TuneCP5_13p6TeV_madgraph-pythia8_Run3_lgeneros.py
DEBUG 2025-03-05 07:12:02.904 UTC: 	 Loading CRAB configuration file.
DEBUG 2025-03-05 07:12:02.908 UTC: 	 Will use CRAB plugin ANALYSIS (i.e. will run an analysis job type).
ERROR 2025-03-05 07:12:02.908 UTC: 	 Working area '/afs/cern.ch/user/l/lgeneros/Hcc-studies-lxp8/CMSSW_13_0_13/src/Hcc/Utilities/crab/resultsAna_/crab_VBFZto2Q_TuneCP5_13p6TeV_madgraph-pythia8_Run3_lgeneros' already exists 
Please change the requestName in the config file
ERROR 2025-03-05 07:12:02.908 UTC: 	 Caught ClientException exception
Traceback (most recent call last):
  File "/cvmfs/cms.cern.ch/share/cms/crab-prod/v3.241125.00/bin/crab.py", line 157, in <module>
    client()
  File "/cvmfs/cms.cern.ch/share/cms/crab-prod/v3.241125.00/bin/crab.py", line 135, in __call__
    self.cmd = sub_cmd(self.logger, args[1:])  # the crab command to be executed
  File "/cvmfs/cms.cern.ch/share/cms/crab-prod/v3.241125.00/lib/CRABClient/Commands/submit.py", line 37, in __init__
    SubCommand.__init__(self, logger, cmdargs, disable_interspersed_args=True)
  File "/cvmfs/cms.cern.ch/share/cms/crab-prod/v3.241125.00/lib/CRABClient/Commands/SubCommand.py", line 328, in __init__
    self.requestarea, self.requestname, self.logfile = createWorkArea(
  File "/cvmfs/cms.cern.ch/share/cms/crab-prod/v3.241125.00/lib/CRABClient/ClientUtilities.py", line 392, in createWorkArea
    raise ConfigException("Working area '%s' already exists \nPlease change the requestName in the config file" % fullpath)
CRABClient.ClientExceptions.ConfigException: Working area '/afs/cern.ch/user/l/lgeneros/Hcc-studies-lxp8/CMSSW_13_0_13/src/Hcc/Utilities/crab/resultsAna_/crab_VBFZto2Q_TuneCP5_13p6TeV_madgraph-pythia8_Run3_lgeneros' already exists 
Please change the requestName in the config file
INFO 2025-03-05 07:12:02.910 UTC: 	 Log file is /afs/cern.ch/user/l/lgeneros/Hcc-studies-lxp8/CMSSW_13_0_13/src/Hcc/Utilities/crab/crab.log
DEBUG 2025-03-05 07:17:08.614 UTC: 	 CRAB Client version: v3.241125
DEBUG 2025-03-05 07:17:08.614 UTC: 	 Running on: Linux lxplus810.cern.ch 4.18.0-553.40.1.el8_10.x86_64 #1 SMP Thu Feb 6 21:20:51 EST 2025 x86_64 x86_64 x86_64 GNU/Linux
DEBUG 2025-03-05 07:17:08.615 UTC: 	 Not using Singularity
DEBUG 2025-03-05 07:17:08.615 UTC: 	 Operating System: Red Hat Enterprise Linux 8.10 (Ootpa)
DEBUG 2025-03-05 07:17:08.615 UTC: 	 Executing command: 'submit'
DEBUG 2025-03-05 07:17:08.615 UTC: 	 Found CRAB cache file /afs/cern.ch/user/l/lgeneros/.crab3
INFO 2025-03-05 07:17:08.615 UTC: 	 Will use CRAB configuration file resultsAna_/cfg/crabConfig_VBFZto2Q_TuneCP5_13p6TeV_madgraph-pythia8_Run3_lgeneros.py
DEBUG 2025-03-05 07:17:08.615 UTC: 	 Loading CRAB configuration file.
DEBUG 2025-03-05 07:17:08.621 UTC: 	 Will use CRAB plugin ANALYSIS (i.e. will run an analysis job type).
ERROR 2025-03-05 07:17:08.621 UTC: 	 Working area '/afs/cern.ch/user/l/lgeneros/Hcc-studies-lxp8/CMSSW_13_0_13/src/Hcc/Utilities/crab/resultsAna_/crab_VBFZto2Q_TuneCP5_13p6TeV_madgraph-pythia8_Run3_lgeneros' already exists 
Please change the requestName in the config file
ERROR 2025-03-05 07:17:08.621 UTC: 	 Caught ClientException exception
Traceback (most recent call last):
  File "/cvmfs/cms.cern.ch/share/cms/crab-prod/v3.241125.00/bin/crab.py", line 157, in <module>
    client()
  File "/cvmfs/cms.cern.ch/share/cms/crab-prod/v3.241125.00/bin/crab.py", line 135, in __call__
    self.cmd = sub_cmd(self.logger, args[1:])  # the crab command to be executed
  File "/cvmfs/cms.cern.ch/share/cms/crab-prod/v3.241125.00/lib/CRABClient/Commands/submit.py", line 37, in __init__
    SubCommand.__init__(self, logger, cmdargs, disable_interspersed_args=True)
  File "/cvmfs/cms.cern.ch/share/cms/crab-prod/v3.241125.00/lib/CRABClient/Commands/SubCommand.py", line 328, in __init__
    self.requestarea, self.requestname, self.logfile = createWorkArea(
  File "/cvmfs/cms.cern.ch/share/cms/crab-prod/v3.241125.00/lib/CRABClient/ClientUtilities.py", line 392, in createWorkArea
    raise ConfigException("Working area '%s' already exists \nPlease change the requestName in the config file" % fullpath)
CRABClient.ClientExceptions.ConfigException: Working area '/afs/cern.ch/user/l/lgeneros/Hcc-studies-lxp8/CMSSW_13_0_13/src/Hcc/Utilities/crab/resultsAna_/crab_VBFZto2Q_TuneCP5_13p6TeV_madgraph-pythia8_Run3_lgeneros' already exists 
Please change the requestName in the config file
INFO 2025-03-05 07:17:08.624 UTC: 	 Log file is /afs/cern.ch/user/l/lgeneros/Hcc-studies-lxp8/CMSSW_13_0_13/src/Hcc/Utilities/crab/crab.log
DEBUG 2025-03-05 08:50:03.793 UTC: 	 CRAB Client version: v3.241125
DEBUG 2025-03-05 08:50:03.793 UTC: 	 Running on: Linux lxplus810.cern.ch 4.18.0-553.40.1.el8_10.x86_64 #1 SMP Thu Feb 6 21:20:51 EST 2025 x86_64 x86_64 x86_64 GNU/Linux
DEBUG 2025-03-05 08:50:03.793 UTC: 	 Not using Singularity
DEBUG 2025-03-05 08:50:03.793 UTC: 	 Operating System: Red Hat Enterprise Linux 8.10 (Ootpa)
DEBUG 2025-03-05 08:50:03.793 UTC: 	 Executing command: 'submit'
DEBUG 2025-03-05 08:50:03.794 UTC: 	 Found CRAB cache file /afs/cern.ch/user/l/lgeneros/.crab3
INFO 2025-03-05 08:50:03.794 UTC: 	 Will use CRAB configuration file resultsAna_/cfg/crabConfig_VBFZto2Q_TuneCP5_13p6TeV_madgraph-pythia8_Run3_lgeneros.py
DEBUG 2025-03-05 08:50:03.794 UTC: 	 Loading CRAB configuration file.
DEBUG 2025-03-05 08:50:03.805 UTC: 	 Will use CRAB plugin ANALYSIS (i.e. will run an analysis job type).
ERROR 2025-03-05 08:50:03.806 UTC: 	 Working area '/afs/cern.ch/user/l/lgeneros/Hcc-studies-lxp8/CMSSW_13_0_13/src/Hcc/Utilities/crab/resultsAna_/crab_VBFZto2Q_TuneCP5_13p6TeV_madgraph-pythia8_Run3_lgeneros' already exists 
Please change the requestName in the config file
ERROR 2025-03-05 08:50:03.806 UTC: 	 Caught ClientException exception
Traceback (most recent call last):
  File "/cvmfs/cms.cern.ch/share/cms/crab-prod/v3.241125.00/bin/crab.py", line 157, in <module>
    client()
  File "/cvmfs/cms.cern.ch/share/cms/crab-prod/v3.241125.00/bin/crab.py", line 135, in __call__
    self.cmd = sub_cmd(self.logger, args[1:])  # the crab command to be executed
  File "/cvmfs/cms.cern.ch/share/cms/crab-prod/v3.241125.00/lib/CRABClient/Commands/submit.py", line 37, in __init__
    SubCommand.__init__(self, logger, cmdargs, disable_interspersed_args=True)
  File "/cvmfs/cms.cern.ch/share/cms/crab-prod/v3.241125.00/lib/CRABClient/Commands/SubCommand.py", line 328, in __init__
    self.requestarea, self.requestname, self.logfile = createWorkArea(
  File "/cvmfs/cms.cern.ch/share/cms/crab-prod/v3.241125.00/lib/CRABClient/ClientUtilities.py", line 392, in createWorkArea
    raise ConfigException("Working area '%s' already exists \nPlease change the requestName in the config file" % fullpath)
CRABClient.ClientExceptions.ConfigException: Working area '/afs/cern.ch/user/l/lgeneros/Hcc-studies-lxp8/CMSSW_13_0_13/src/Hcc/Utilities/crab/resultsAna_/crab_VBFZto2Q_TuneCP5_13p6TeV_madgraph-pythia8_Run3_lgeneros' already exists 
Please change the requestName in the config file
INFO 2025-03-05 08:50:03.811 UTC: 	 Log file is /afs/cern.ch/user/l/lgeneros/Hcc-studies-lxp8/CMSSW_13_0_13/src/Hcc/Utilities/crab/crab.log
